------------------------------------------------------------
Timing Analyzer Summary
------------------------------------------------------------

Type  : Slow 1100mV 85C Model Setup 'clk'
Slack : -74.932
TNS   : -4169.111

Type  : Slow 1100mV 85C Model Hold 'clk'
Slack : 0.374
TNS   : 0.000

Type  : Slow 1100mV 85C Model Minimum Pulse Width 'clk'
Slack : -0.785
TNS   : -109.422

Type  : Slow 1100mV 0C Model Setup 'clk'
Slack : -76.533
TNS   : -4222.473

Type  : Slow 1100mV 0C Model Hold 'clk'
Slack : 0.387
TNS   : 0.000

Type  : Slow 1100mV 0C Model Minimum Pulse Width 'clk'
Slack : -0.776
TNS   : -108.983

Type  : Fast 1100mV 85C Model Setup 'clk'
Slack : -41.234
TNS   : -2305.466

Type  : Fast 1100mV 85C Model Hold 'clk'
Slack : 0.174
TNS   : 0.000

Type  : Fast 1100mV 85C Model Minimum Pulse Width 'clk'
Slack : -0.826
TNS   : -86.873

Type  : Fast 1100mV 0C Model Setup 'clk'
Slack : -38.977
TNS   : -2148.095

Type  : Fast 1100mV 0C Model Hold 'clk'
Slack : 0.160
TNS   : 0.000

Type  : Fast 1100mV 0C Model Minimum Pulse Width 'clk'
Slack : -0.757
TNS   : -80.152

------------------------------------------------------------
